python : 2026-03-15 
20:13:49.890523: I tensorf
low/core/util/port.cc:153]
 oneDNN custom operations 
are on. You may see 
slightly different 
numerical results due to 
floating-point round-off 
errors from different 
computation orders. To 
turn them off, set the 
environment variable 
`TF_ENABLE_ONEDNN_OPTS=0`.
At line:1 char:1
+ python main.py > 
error_log.txt 2>&1
+ ~~~~~~~~~~~~~~~~~~~~~~~~
~~~~~~~~~~~
    + CategoryInfo        
      : NotSpecified: (2  
  026-03-15 20:1...ONED   
 NN_OPTS=0`.:String) [    
], RemoteException
    + FullyQualifiedError 
   Id : NativeCommandErr  
  or
 
2026-03-15 
20:13:51.583827: I tensorf
low/core/util/port.cc:153]
 oneDNN custom operations 
are on. You may see 
slightly different 
numerical results due to 
floating-point round-off 
errors from different 
computation orders. To 
turn them off, set the 
environment variable 
`TF_ENABLE_ONEDNN_OPTS=0`.
INFO:     Started server 
process [8752]
INFO:     Waiting for 
application startup.
INFO:     Application 
startup complete.
ERROR:    [Errno 10048] 
error while attempting to 
bind on address 
('0.0.0.0', 8000): only 
one usage of each socket 
address (protocol/network 
address/port) is normally 
permitted
INFO:     Waiting for 
application shutdown.
INFO:     Application 
shutdown complete.
WARNING: GEMINI_API_KEY not set. Gemini features will not work.
